../Core/Inc/ViettelSDK_Collections.h:29:14:getStatusTypeString	16	static
../Core/Src/main.c:96:6:HAL_UARTEx_RxEventCallback	16	static
../Core/Src/main.c:102:5:_write	24	static
../Core/Src/main.c:131:5:main	32	static
../Core/Src/main.c:217:6:SystemClock_Config	96	static
../Core/Src/main.c:262:13:MX_IWDG_Init	8	static
../Core/Src/main.c:291:13:MX_LPTIM1_Init	8	static
../Core/Src/main.c:325:13:MX_RTC_Init	80	static
../Core/Src/main.c:408:13:MX_TIM2_Init	56	static
../Core/Src/main.c:466:13:MX_USART1_UART_Init	8	static
../Core/Src/main.c:501:13:MX_USART2_UART_Init	8	static
../Core/Src/main.c:534:13:MX_DMA_Init	16	static
../Core/Src/main.c:555:13:MX_GPIO_Init	40	static
../Core/Src/main.c:598:6:Ultrasonic_Init	32	static
../Core/Src/main.c:626:10:Read_Ultrasonic_Distance	24	static
../Core/Src/main.c:652:6:usDelay	16	static
../Core/Src/main.c:672:6:HAL_TIM_PeriodElapsedCallback	16	static
../Core/Src/main.c:697:6:Error_Handler	4	static,ignoring_inline_asm
