../Core/Src/stm32l4xx_it.c:79:6:NMI_Handler	4	static
../Core/Src/stm32l4xx_it.c:94:6:HardFault_Handler	4	static
../Core/Src/stm32l4xx_it.c:109:6:MemManage_Handler	4	static
../Core/Src/stm32l4xx_it.c:124:6:BusFault_Handler	4	static
../Core/Src/stm32l4xx_it.c:139:6:UsageFault_Handler	4	static
../Core/Src/stm32l4xx_it.c:154:6:SVC_Handler	4	static
../Core/Src/stm32l4xx_it.c:167:6:DebugMon_Handler	4	static
../Core/Src/stm32l4xx_it.c:180:6:PendSV_Handler	4	static
../Core/Src/stm32l4xx_it.c:193:6:SysTick_Handler	4	static
../Core/Src/stm32l4xx_it.c:214:6:EXTI0_IRQHandler	8	static
../Core/Src/stm32l4xx_it.c:228:6:DMA1_Channel5_IRQHandler	8	static
../Core/Src/stm32l4xx_it.c:242:6:DMA1_Channel6_IRQHandler	8	static
../Core/Src/stm32l4xx_it.c:256:6:TIM1_UP_TIM16_IRQHandler	8	static
../Core/Src/stm32l4xx_it.c:270:6:TIM2_IRQHandler	8	static
../Core/Src/stm32l4xx_it.c:284:6:USART1_IRQHandler	8	static
../Core/Src/stm32l4xx_it.c:298:6:USART2_IRQHandler	8	static
../Core/Src/stm32l4xx_it.c:312:6:RTC_Alarm_IRQHandler	8	static
../Core/Src/stm32l4xx_it.c:327:6:LPTIM1_IRQHandler	8	static
