../Drivers/CMSIS/Include/core_cm4.h:1933:34:__NVIC_SystemReset	4	static,ignoring_inline_asm
../Core/Inc/ViettelSDK_Collections.h:29:14:getStatusTypeString	16	static
../Core/Src/ViettelSDK.c:4:6:sleepMCU	32	static
../Core/Src/ViettelSDK.c:81:6:resetMCU	16	static
../Core/Src/ViettelSDK.c:88:6:wakeUpModule	24	static
../Core/Src/ViettelSDK.c:108:6:GetUpModule	24	static
../Core/Src/ViettelSDK.c:125:6:pullDownPWRpin	16	static
../Core/Src/ViettelSDK.c:132:6:noPullPWRpin	16	static
../Core/Src/ViettelSDK.c:173:6:updateFLASHData	16	static
../Core/Src/ViettelSDK.c:180:6:readFLASHPreviousFlowData	16	static
../Core/Src/ViettelSDK.c:204:6:validateUARTPorts	24	static
../Core/Src/ViettelSDK.c:218:6:writeLog	32	static
../Core/Src/ViettelSDK.c:272:6:logStartBanner	16	static
../Core/Src/ViettelSDK.c:278:6:initializeSDK	24	static
../Core/Src/ViettelSDK.c:336:6:connectToPlatform	24	static
../Core/Src/ViettelSDK.c:416:6:getData	40	static
../Core/Src/ViettelSDK.c:426:24:sendCommand	48	static
../Core/Src/ViettelSDK.c:478:6:clearCommand	24	static
../Core/Src/ViettelSDK.c:484:6:clearMainBuffer	24	static
../Core/Src/ViettelSDK.c:493:6:resetDMAInterrupt_2	16	static
../Core/Src/ViettelSDK.c:508:6:resetDMAInterrupt	16	static
../Core/Src/ViettelSDK.c:517:6:saveResponse	40	static
../Core/Src/ViettelSDK.c:633:12:checkModule	848	static
../Core/Src/ViettelSDK.c:674:12:setCommandEchoMode	848	static
../Core/Src/ViettelSDK.c:709:12:setLedMode	848	static
../Core/Src/ViettelSDK.c:744:12:requestIMEI	856	static
../Core/Src/ViettelSDK.c:800:12:requestTARevisionIdentification	848	static
../Core/Src/ViettelSDK.c:826:12:readSignalQualityReport	880	dynamic
../Core/Src/ViettelSDK.c:884:12:setEPSNetworkRegistrationStatus	848	static
../Core/Src/ViettelSDK.c:902:12:readEPSNetworkRegistrationStatus	856	static
../Core/Src/ViettelSDK.c:1005:12:setOperatorSelection	848	static
../Core/Src/ViettelSDK.c:1047:12:setReportMobileEquipmentError	848	static
../Core/Src/ViettelSDK.c:1074:12:displayProductID	848	static
../Core/Src/ViettelSDK.c:1092:12:requestManufacturerID	848	static
../Core/Src/ViettelSDK.c:1110:12:getAndSetMobileOperationBand	848	static
../Core/Src/ViettelSDK.c:1148:12:requestModelID	848	static
../Core/Src/ViettelSDK.c:1166:12:requestInternationalMobileSubscriberIdentity	848	static
../Core/Src/ViettelSDK.c:1186:12:readOperatorSelection	848	static
../Core/Src/ViettelSDK.c:1204:12:readpreferredOperatorList	848	static
../Core/Src/ViettelSDK.c:1222:12:setDefaultPSDConnection	848	static
../Core/Src/ViettelSDK.c:1243:12:UDP_Connect	848	static
../Core/Src/ViettelSDK.c:1263:12:send_UDP	856	static
../Core/Src/ViettelSDK.c:1299:12:receive_UDP	40	static
../Core/Src/ViettelSDK.c:1353:12:UDP_Close	848	static
../Core/Src/ViettelSDK.c:1371:12:ActivePDP	856	static
../Core/Src/ViettelSDK.c:1397:12:configWakeupIndication	848	static
../Core/Src/ViettelSDK.c:1422:12:configEPSNetworkRegistration	848	static
../Core/Src/ViettelSDK.c:1460:12:configSlowClock	848	static
../Core/Src/ViettelSDK.c:1488:12:configPSM	856	static
../Core/Src/ViettelSDK.c:1525:12:setPMUMode	848	static
../Core/Src/ViettelSDK.c:1555:6:getSensorData	16	static
../Core/Src/ViettelSDK.c:1561:12:readDynamicParamPDPContext	848	static
../Core/Src/ViettelSDK.c:1581:12:autoTimeUpdate	848	static
../Core/Src/ViettelSDK.c:1600:12:enableLocalTimestamp	848	static
../Core/Src/ViettelSDK.c:1619:12:getClock	848	static
../Core/Src/ViettelSDK.c:1638:12:checkSIM	848	static
../Core/Src/ViettelSDK.c:1667:12:setPhoneFunctionality	848	static
../Core/Src/ViettelSDK.c:1699:12:checkActivePDPContext	848	static
../Core/Src/ViettelSDK.c:1718:6:mainFlow	840	static
